## mysql安装囧事  
*因为一向不太会记密码，所以安装MySQL的时候脑子一抽就直接把密码设成1了*  
~~真是一个悲伤的故事:pig:~~  
## 运行MySQL   
先用命令mysql -u root -p进入MySQL    
再用命令create database stu 创建了数据库stu    
## 创建数据库
注意：创建数据库之前要先连接Mysql服务器  
命令：create database <数据库名>  
建立一个名为stu的数据库 mysql> create database stu;  
## 显示数据库   
命令：show databases （注意：最后有个s）  
mysql> show databases;  
## 删除数据库  
命令：drop database <数据库名>   
删除名为stu的数据库  
mysql> drop database stu;  
删除一个已经确定存在的数据库  
mysql> drop database drop_database; Query OK, 0 rows affected (0.00 sec)  
删除一个不确定存在的数据库 mysql> drop database drop_database; ERROR 1008 (HY000): Can't drop database 'drop_database'; database doesn't exist //发生错误，不能删除'drop_database'数据库，该数据库不存在。  
mysql> drop database if exists drop_database; Query OK, 0 rows affected, 1 warning (0.00 sec)//产生一个警告说明此数据库不存在  
mysql> create database drop_database;  
Query OK, 1 row affected (0.00 sec) mysql> drop database if exists drop_database;//if exists 判断数据库是否存在，不存在也不产生错误   
Query OK, 0 rows affected (0.00 sec)  
## 使用数据库
命令： use <数据库名>  
如果stu数据库存在，尝试存取它：    
mysql> use stu;   
屏幕提示：Database changed  
# MarkDown的使用  
*按照教程一步一步写的，表情用的比较熟* :joy::joy:
